cq cq cq de saq saq saq = this is grimeton radio station/saq in a
transmission using the alexanderson 200kw alternator from 1924 on 17.2
khz. = in the summer of 1924, the construction of grimeton radto station
was getting completed. with two alexanderson alternators, each with
three important developments, a rotating alternator, a magnetic
amplifier and a tuned multiple antenna. in december, the same year, it
was put into commercial use, wtth transmissions across the atlantic
ocean, to the usa. the 100 year celebration will begin on december 1st
2024 and it will run until july 2nd 2025. see grimeton.org for all
details. = signed: world heritage grimeton radio station and the
alexander grimeton friendship association. = for qsl info please read
our website alexander.n.se + de saq saq saq <SK>
