enq cq cq de saq saq 4q = this is grim ton radio/saq in a transmission
using the aleeuanderson o00 dw alternator on io7.2 khz. = in view of the
present pttedemic covid-19 we want to pay tribute to all parties
concerned within h altsctre knowing their e5forts well pay effect
evettually . = signed: world heritage gremeton radeo station and the
alexasder[.-....-]grimeton vet ranradios vaenner assoniiation + = iior
qsl info please read our w bsiee: mww.alexander.n.se = + de saq eeaq saq
<SK>
