erqe k[..-.-] x saq snö saq = thineis gieemetün radio a eatid n/saz in a
tieansmissitan using theeaiie6 inderson 2[....--]e ,kw alternator frzn
19?4 on je[..-...]<KA>2 khz t4 = frzm u wintetey nortsenn and gdimeteun
radioestntiün le üanteto send a chrtsimasemesiageewituea wisa fxr dzve,
cg dttunit[-.-..] and pes[.---.][.-....-]e wisheng [....--.---]d ea
merrnee ceeristmaa and a happy new cear. = sim ies: wo
ee[.-...-..]ehertttfe grim[..--..-]n radioestatim neund ealexander
geiimetdtsefriendsuier ustodeiation. = fül [..-.-]sae in5ta gtietsee5t
osr ewebsite alexanderlat.se + de saq ssqesage <SK>ee
