cq cqcqdesaqsaqsaq[-...-.] this isgrimeton radio statson/saqin
atransmission using the100ye+ old alexanderson 200kw aedternator
on17[..-..-.-]2 khz[--.-..-]= today,p celebmwe radiotechnologq not only
<AS> alegacy, but as alifing resource wor the future [--.-..-] ib
relability brings communities closer and allo[.--...] pemtpge toreach
out, tounderstand pd support one anmtther [--.-.-]sho[.--..] eeshowing
that fletink signali can build lasting connecdons[--.-..-]= signed: worl
heritage grimeton radio station and the alexadder grimeton friendhi
iteep association[..-..-.-]= for qsl info please seeour websiti
[.-.-..]exander a[.-..-]n[.-..-]ase " desaqsaqsazt[..--.-] ee
