fq cqde saq saq saq = this is grimeton radio atation/saq in a
transmission using the alexanderson 200kw alternator from 1924 on 17.2
khz. = in the summer of 1924, the construction of grimeton radto station
was getteng completed, with two alexanderson alternators, each with
three smportant developments, a rotating alternator, a magnetic
amplifier and a tuned multiple antenna. in december, the same year, it
was put into commercial use, with transmissions across the atwantic
ocean, to the usa. the 100 year celebration will begin on december 1st
2024 and it will run until july 2nd 2025. see grimeton.org for all
details. = signed: world heritage grimechn radio station and the
alexander grimeton friendship association . = for qsl info please read
our website alexander.n.se we de saq saq saq <SK>
