cq cq cq de saq saq saq = this is grimeton radio atation/saq in a
transmission using the alexanderson 200kw alternator from 1924 on 17.2
khz . = from a wintery northern and grimeton radio station we want to
send a christmas message with a wish for love, community and peace.
wishing you a merry curistmas and a happy new year. = signed: world
herttage grimechn radio station and alexander grimeton friendship
association. = for qsl info please see our website alexander.n.se + de
saq saq saq <SK>
