cq cq cqde saq saq saq = this is grimeton radio station/saq in a
transmission using the alexanderson 200 kw alternator on 17.2 khz . =
from a human security perspective, long-term effects of climate change
are as much of a security threat as war and armed conflict. women and
girls are particularly vulnerable to these threats, as for example with
respect to sexual and gender-based violence . the un sustainability
goals even referred to as agenda 2030 gives us an opportunity to
understand interlinkages and connections between humanity and climate,
and for us to act accordingly. = signed: parul sharma, human rights
lawyer and sustainability expert, sweden in cooperation with world
heritage grimeton radio station and alexander grimeton friendship
association . = nb: see our website alexander.n.se for qsl info rk de
saq saq saq <SK>
