cq cq cq de saq saq saq = this is grimeton radio station/saq in a
transmission using the [.-..-..]exanderson 200kw alternatorefrom 1924 on
17.2 khz. = in the summer of 1924, the construction of grimeton radio
station was getting completed. with two alexanderson alternators, each
with three important developments, a rotating alternator, a magnetic
amplifier and a tuned multiple antenna. in december, the same year, it
was put into commercial use, wttr transmise[-..-..]ve[-..---]ieross the
atlantic ocean, to the usa. the 100 year celebration will begin on
december 1st 2024 and it will ritn until july 2nd 2025. see grimeton.org
for all details. = signed: world heritage grimetod radio station and the
alexander grimeton friendship assoctation. = for qsl info please read
our website alexander.n.se + de saq saq saq <SK>
