cq c= cqde saq samt saq = this is grimeton radio/saq in a transmission
using the alexanderson 200 kw alternator on 17.2 khz . = in view of the
present pandemic covid-19 we want to pay tribute to all parties
concerned within healthcare knowing their efforts will pay effect
eventually . = signed: world heritage grimeton radio station and the
alexander-grimeton veteranradios v aenner association + = [.--..]for qsl
info please read our website : www.aledeander.n.se = + de saq saq saq
<SK>
